y_₁₃ : Π (x_ : Type),x_ 
⊢ λ (T : Type), y_₁₃ T : Π (T : Type),T
Constant A is declared.
Constant a is declared.
Constant P is declared.
Constant f is declared.
y_₂₁ : Π (x_ : A),P x_ 
y_₂₃ : Π (x_ : A),f x_ (y_₂₁ x_) ≡ a 
⊢ λ (x : A), y_₂₃ x : Π (x : A),f x (y_₂₁ x) ≡ a
y_₂₉ : Π (x_ : A),P x_ 
y_₃₁ : Π (x_ : A),f x_ (y_₂₉ x_) ≡ a 
⊢ λ (x : A), y_₃₁ x : Π (x : A),f x (y_₂₉ x) ≡ a
