Constant N is declared.
Constant Z is declared.
Constant S is declared.
Constant plus is declared.
Constant plus_Z is declared.
Constant plus_S is declared.
Constant times is declared.
Constant times_Z is declared.
Constant times_S is declared.
one is defined.
two is defined.
three is defined.
four is defined.
five is defined.
ten is defined.
⊢ refl (plus (S (S (S (S (S Z))))) (S (S (S (S Z)))))
  : plus (S (S (S (S Z)))) (S (S (S (S (S Z))))) ≡ plus (plus (S (S Z)) (S
    (S (S Z)))) (S (S (S (S Z))))
⊢ refl (S (S (S Z))) : S (S (S Z)) ≡ plus (S Z) (plus (S Z) (S Z))
⊢ refl (S (S (S (S Z)))) : S (S (S (S Z))) ≡ times (S (S Z)) (S (S Z))
