#including ../examples/sum.m31
#processed ./../examples/sum.m31
_ is defined.
_ is defined.
⊢ λ (A : Type),
      λ (B : Type),
        λ (P : sum A B → Type),
          λ (l : Π (a : A),P (inl A B a)),
            λ (r : Π (b : B),P (inr A B b)), λ (b : B), refl (r b)
  : Π (A : Type),
      Π (B : Type),
        Π (P : sum A B → Type),
          Π (l : Π (a : A),P (inl A B a)),
            Π (r : Π (b : B),P (inr A B b)),
              Π (b : B),r b ≡ sum_rect A B P l r (inr A B b)
