Pair is assumed.

pair is assumed.

fst is assumed.

beta_fst is assumed.

C is assumed.

D is assumed.

c is assumed.

d is assumed.

refl (fst C D (pair C D c d))
      : c ≡ fst C D (pair C D c d)
refl (fst D C (pair D C d c))
      : d ≡ fst D C (pair D C d c)
refl (fst C D (pair C D (c ) d))
      : c ≡ fst C D (pair C D c d)
refl (fst C D (pair C D c d))
      : c ≡ fst C D (pair C D (c ) d)
