A is assumed.

B is assumed.

C is assumed.

f is assumed.

g is assumed.

a is assumed.

fun (y : B a) => g a y
      : forall (y : B a), C a y
A
      : Type
fun (x : A) (y : B x) => g x y
      : forall (x : A) (y : B x), C x y
fun (x : A) (y : B x) => g x y
      : forall (x : A) (y : B x), C x y
fun (x : A) => fun (y : B x) => g x y
      : forall (x : A) (y : B x), C x y
