Nat is defined.
⊢ Π (X : Type),(X → X) → X → X : Type
zero is defined.
⊢ λ (A : Type), λ (s : A → A), λ (z : A), z
  : Π (X : Type),(X → X) → X → X
one is defined.
⊢ λ (A : Type), λ (s : A → A), λ (z : A), s z
  : Π (X : Type),(X → X) → X → X
two is defined.
⊢ λ (A : Type), λ (s : A → A), λ (z : A), s (s z)
  : Π (X : Type),(X → X) → X → X
three is defined.
⊢ λ (A : Type), λ (s : A → A), λ (z : A), s (s (s z))
  : Π (X : Type),(X → X) → X → X
succ is defined.
⊢ λ (n : Π (X : Type),(X → X) → X → X),
      λ (B : Type), λ (s : B → B), λ (z : B), s (((n B) s) z)
  : (Π (X : Type),(X → X) → X → X) →
      Π (X : Type),(X → X) → X → X
File "./church.m31", line 33, characters 5-38: Runtime error
  cannot infer the type of A
