id is defined.
⊢ λ (A : Type), λ (x : A), x : Π (A : Type),A → A
compose is defined.
⊢ λ (A : Type),
      λ (B : Type),
        λ (C : Type),
          λ (g : B → C), λ (f : A → B), λ (x : A), g (f x)
  : Π (A : Type),
      Π (B : Type),Π (C : Type),(B → C) → (A → B) → A → C
Constant X is declared.
Constant Y is declared.
Constant Z is declared.
Constant W is declared.
Constant x is declared.
Constant f is declared.
Constant g is declared.
Constant h is declared.
⊢ refl (g (f x))
  : g (f x)
      ≡ (λ (A : Type),
             λ (B : Type),
               λ (C : Type),
                 λ (g0 : B → C),
                   λ (f0 : A → B), λ (x0 : A), g0 (f0 x0)) X Y Z g f 
            x
⊢ refl (h (g (f x)))
  : (λ (A : Type),
       λ (B : Type),
         λ (C : Type),
           λ (g0 : B → C), λ (f0 : A → B), λ (x0 : A), g0 (f0 x0)) X Z
      W h
      ((λ (A : Type),
          λ (B : Type),
            λ (C : Type),
              λ (g0 : B → C), λ (f0 : A → B), λ (x0 : A), g0 (f0 x0))
         X Y Z g f) x
      ≡ (λ (A : Type),
             λ (B : Type),
               λ (C : Type),
                 λ (g0 : B → C),
                   λ (f0 : A → B), λ (x0 : A), g0 (f0 x0)) X Y W
            ((λ (A : Type),
                λ (B : Type),
                  λ (C : Type),
                    λ (g0 : B → C),
                      λ (f0 : A → B), λ (x0 : A), g0 (f0 x0)) Y Z W h 
               g) f x
