Constant A is declared.
x is defined.
P is defined.
y is defined.
Constant a is declared.
Constant b is declared.
Constant ign is declared.
Constant g is declared.
igny is defined.
File "error-context-subst.m31", line 17, characters 28-45: Runtime error
  cannot join contexts P₁₂ : A → Type 
                       y₁₃ : P₁₂ a 
                        and
  P₁₂ : A → Type 
  y₁₃ : P₁₂ b 
   at y₁₃
