Constant A is declared.

Constant ( + ) is declared.

Constant a is declared.

val b : judgment

⊢ λ (a0 : A), a0 + a : A → A

val lam : judgment


File "./error-penv.m31", line 12, characters 4-6:
The term   ⊢ λ (a0 : A), refl (a0 + a) : Π (a0 : A), a0 + a ≡ a0 + a
is expected by its surroundings to have type
   ⊢ Π (a0 : A), a0 + a0 ≡ a0 + a0  type
