A is assumed.
x is defined.
P is defined.
y is defined.
a is assumed.
b is assumed.
ign is assumed.
g is assumed.
igny is defined.
File "./error-context-subst.m31", line 17, characters 29-47: Runtime error
  cannot join contexts P₆ : A → Type 
                       y₈ : P₆ a 
                        and
  P₆ : A → Type 
  y₈ : P₆ b 
   at y₈
