Constant A is declared.
Constant B is declared.
Constant C is declared.
Constant pair is declared.
T is defined.
x is defined.
File "./error-context-subst.m31", line 9, characters 25-39: Runtime error
  cannot join contexts x₁₃ : A 
                        and x₁₃ : B 
                             at x₁₃
