Constant N is declared.
Constant Z is declared.
Constant S is declared.
Constant plus is declared.
Constant plus_Z is declared.
Constant plus_S is declared.
⊢ Type : Type
File "./error-beta-nat.m31", line 16, characters 4-19: Typing error
  failed to check that the term S (S Z) is equal to plus (S Z) (S (S Z))
