prod is assumed.
pair is assumed.
fst is assumed.
snd is assumed.
pair_beta_fst is assumed.
pair_beta_snd is assumed.
pair_eta is assumed.
C is assumed.
D is assumed.
p is assumed.
q is assumed.
File "./eta-horror.m31", lines 31-34, characters 3-20: Runtime error
  unhandled operation #equal ('pair (⊢ p : prod C D) (⊢ q : prod C D))
