eqext is defined.
⊢ λ (A : Type),
      λ (a : A), λ (b : A), λ (p : a ≡ b), λ (q : a ≡ b), refl p
  : Π (A : Type),
      Π (a : A), Π (b : A), Π (p : a ≡ b), Π (q : a ≡ b), p ≡ q
funext is defined.
⊢ λ (A : Type),
      λ (B : A → Type),
        λ (f : Π (x : A), B x),
          λ (g : Π (x : A), B x), λ (eq : Π (x : A), f x ≡ g x), refl f
  : Π (A : Type),
      Π (B : A → Type),
        Π (f : Π (x : A), B x),
          Π (g : Π (x : A), B x), (Π (x : A), f x ≡ g x) → f ≡ g
Constant A is declared.
Constant B is declared.
Signature cow is declared.
cowext is defined.
⊢ λ (a : cow),
      λ (b : cow),
        λ (ppppppppp : a.head ≡ b.head),
          λ (qqqqqqqq : a.tail ≡ b.tail), refl a
  : Π (a : cow),
      Π (b : cow), a.head ≡ b.head → a.tail ≡ b.tail → a ≡ b
