Signature cat is declared.
person_id is defined.
pet_id is defined.
Constant dwarf is declared.
Constant urist is declared.
ankle is defined.
⊢ {person = dwarf, pet = urist} : cat
(⊢ cat : Type, [⊢ dwarf : Type, ⊢ urist : dwarf])
((⊢ cat : Type, [(person, person₂₄ : Type 
                            ⊢ person₂₄ : Type), (pet,
person₂₄ : Type 
pet₂₅ : person₂₄ 
⊢ pet₂₅ : person₂₄)]), [Inl
(person₂₆ : Type 
 ⊢ person₂₆ : Type), Inl
(person₂₆ : Type 
 pet₂₇ : person₂₆ 
 ⊢ pet₂₇ : person₂₆)])
(⊢ {person = dwarf, pet = urist} : cat, pet)
()
⊢ {person = dwarf, pet = urist} : cat
The command failed with error:
File "./generic.m31", line 33, characters 6-30: Typing error
  bad field pet: types dwarf and Type do not match
Constant A is declared.
eq₄₀ : A ≡ cat 
⊢ {person = dwarf, pet = urist} : A
⊢ {person = dwarf, pet = urist}.pet : {person = dwarf, pet = urist}.person
first_proj is defined.
⊢ {person = dwarf, pet = urist}.person : Type
last_proj is defined.
⊢ {person = dwarf, pet = urist}.pet : {person = dwarf, pet = urist}.person
Signature treasure is declared.
gold_id is defined.
The command failed with error:
File "./generic.m31", line 9, characters 18-22: Typing error
  this expression should be a signature, found dwarf
The command failed with error:
File "./generic.m31", line 68, characters 6-24: Typing error
  Cannot project field gold from signature cat: no such field
Constant B is declared.
Constant eq is declared.
x₅₇ : A 
⊢ x₅₇ : A
The command failed with error:
File "./generic.m31", lines 78-80, characters 6-5: Runtime error
  no match found for ⊢ {person = dwarf, pet = urist} : cat
Constant a is declared.
⊢ a : A
