Constant A is declared.
Constant B is declared.
Constant Q is declared.
Operation inhabit is declared.
hyp : A → Type 
⊢ λ (a : A), Q A hyp a : Π (a : A), hyp a → Type
File "./handle-assume.m31", line 18, characters 5-38: Runtime error
  Cannot abstract a0 because hyp depends on it.
Context: a0 : A 
                                                         hyp : B a0 
                                                         
