Constant A is declared.
Constant a is declared.
Constant b is declared.
Constant ( + ) is declared.
s is defined.
⊢ refl (( + ) a b) : ( + ) a b ≡ ( + ) a b
((⊢ a : A), (⊢ b : A))
Data constructor ( @ ) is declared.
x is defined.
⊢ a : A
Operation ( ? ) is declared.
⊢ ( + ) (( + ) a a) (( + ) b b) : A
⊢ ( + ) b a : A
Signature monoid is declared.
Constant unit_singleton is declared.
unit_mon is defined.
( ++ ) is defined.
( * ) is defined.
⊢ refl
    {T = unit,
     ( + ) = λ (_ : unit) (_ : unit), {},
     assoc =
     λ (x0 : unit) (y : unit) (z : unit), unit_singleton
         ((λ (_ : unit) (_ : unit), {}) x0 ((λ (_ : unit) (_ : unit), {}) y
         z)) ((λ (_ : unit) (_ : unit), {}) ((λ (_ : unit) (_ : unit), {})
         x0 y) z)}.( + )
  : {T = unit,
     ( + ) = λ (_ : unit) (_ : unit), {},
     assoc =
     λ (x0 : unit) (y : unit) (z : unit), unit_singleton
         ((λ (_ : unit) (_ : unit), {}) x0 ((λ (_ : unit) (_ : unit), {}) y
         z)) ((λ (_ : unit) (_ : unit), {}) ((λ (_ : unit) (_ : unit), {})
         x0 y) z)}.( + ) ≡
    {T = unit,
     ( + ) = λ (_ : unit) (_ : unit), {},
     assoc =
     λ (x0 : unit) (y : unit) (z : unit), unit_singleton
         ((λ (_ : unit) (_ : unit), {}) x0 ((λ (_ : unit) (_ : unit), {}) y
         z)) ((λ (_ : unit) (_ : unit), {}) ((λ (_ : unit) (_ : unit), {})
         x0 y) z)}.( + )
