val printj : ∀ α, α → mlunit

()

["Term", {"context" : {}, "term" : [["Type"], {}], "ty" : [["Type"], {}]}]
()

Constant A is declared.

Constant B is declared.

["Term",
 {"context" : {}, "term" : [["Constant", "A"], {}], "ty" : [["Type"], {}]}]
()

Constant a is declared.

val h : judgment

["Term",
 {"context" : {},
  "term" :
  [["Lambda",
    ["f",
     [["Prod",
       ["x", [["Constant", "A"], {}],
        [["Apply", [["Constant", "B"], {}],
          [["anon", 10], [["Constant", "A"], {}], [["Type"], {}]],
          [["Bound", 0], {"bound" : [0]}]], {"bound" : [0]}]]], {}],
     [[["Apply", [["Bound", 0], {"bound" : [0]}],
        ["x", [["Constant", "A"], {}],
         [["Apply", [["Constant", "B"], {}],
           [["anon", 10], [["Constant", "A"], {}], [["Type"], {}]],
           [["Bound", 0], {"bound" : [0]}]], {"bound" : [0]}]],
        [["Constant", "a"], {}]], {"bound" : [0]}],
      [["Apply", [["Constant", "B"], {}],
        [["anon", 10], [["Constant", "A"], {}], [["Type"], {}]],
        [["Constant", "a"], {}]], {}]]]], {}],
  "ty" :
  [["Prod",
    ["f",
     [["Prod",
       ["x", [["Constant", "A"], {}],
        [["Apply", [["Constant", "B"], {}],
          [["anon", 10], [["Constant", "A"], {}], [["Type"], {}]],
          [["Bound", 0], {"bound" : [0]}]], {"bound" : [0]}]]], {}],
     [["Apply", [["Constant", "B"], {}],
       [["anon", 10], [["Constant", "A"], {}], [["Type"], {}]],
       [["Constant", "a"], {}]], {}]]], {}]}]
()

["Term",
 {"context" :
  {["b", 50] : [[["Constant", "A"], {}], []],
   ["g", 49] :
   [[["Prod",
      [["anon", 11], [["Constant", "A"], {}], [["Constant", "A"], {}]]], {
     }], []]},
  "term" :
  [["Apply", [["Atom", ["g", 49]], {"free" : [["g", 49]]}],
    [["anon", 11], [["Constant", "A"], {}], [["Constant", "A"], {}]],
    [["Atom", ["b", 50]], {"free" : [["b", 50]]}]],
   {"free" : [["g", 49], ["b", 50]]}],
  "ty" : [["Constant", "A"], {}]}]
()

()

["Term",
 {"context" : {},
  "term" : [["Type"], {}, ["./json.m31", 26, 10, 26, 14]],
  "ty" : [["Type"], {}, ["./json.m31", 26, 10, 26, 14]]}]
()

["Term",
 {"context" : {},
  "term" : [["Constant", "A"], {}, ["./json.m31", 28, 10, 28, 11]],
  "ty" : [["Type"], {}, ["./json.m31", 8, 13, 8, 17]]}]
()

["Term",
 {"context" : {},
  "term" :
  [["Lambda",
    ["f",
     [["Prod",
       ["x", [["Constant", "A"], {}, ["./json.m31", 15, 22, 15, 23]],
        [["Apply", [["Constant", "B"], {}, ["./json.m31", 15, 26, 15, 27]],
          [["anon", 10],
           [["Constant", "A"], {}, ["./json.m31", 9, 13, 9, 14]],
           [["Type"], {}, ["./json.m31", 9, 17, 9, 21]]],
          [["Bound", 0], {"bound" : [0]}, ["./json.m31", 15, 22, 15, 23]]],
         {"bound" : [0]}, ["./json.m31", 15, 26, 15, 27]]]], {},
      ["./json.m31", 15, 14, 15, 30]],
     [[["Apply",
        [["Bound", 0], {"bound" : [0]}, ["./json.m31", 15, 14, 15, 30]],
        ["x", [["Constant", "A"], {}, ["./json.m31", 15, 22, 15, 23]],
         [["Apply", [["Constant", "B"], {}, ["./json.m31", 15, 26, 15, 27]],
           [["anon", 10],
            [["Constant", "A"], {}, ["./json.m31", 9, 13, 9, 14]],
            [["Type"], {}, ["./json.m31", 9, 17, 9, 21]]],
           [["Bound", 0], {"bound" : [0]}, ["./json.m31", 15, 22, 15, 23]]],
          {"bound" : [0]}, ["./json.m31", 15, 26, 15, 27]]],
        [["Constant", "a"], {}, ["./json.m31", 15, 34, 15, 35]]],
       {"bound" : [0]}, ["./json.m31", 15, 32, 15, 33]],
      [["Apply", [["Constant", "B"], {}, ["./json.m31", 15, 26, 15, 27]],
        [["anon", 10], [["Constant", "A"], {}, ["./json.m31", 9, 13, 9, 14]],
         [["Type"], {}, ["./json.m31", 9, 17, 9, 21]]],
        [["Constant", "a"], {}, ["./json.m31", 15, 34, 15, 35]]], {},
       ["./json.m31", 15, 26, 15, 27]]]]], {}, ["./json.m31", 15, 8, 15, 35]],
  "ty" :
  [["Prod",
    ["f",
     [["Prod",
       ["x", [["Constant", "A"], {}, ["./json.m31", 15, 22, 15, 23]],
        [["Apply", [["Constant", "B"], {}, ["./json.m31", 15, 26, 15, 27]],
          [["anon", 10],
           [["Constant", "A"], {}, ["./json.m31", 9, 13, 9, 14]],
           [["Type"], {}, ["./json.m31", 9, 17, 9, 21]]],
          [["Bound", 0], {"bound" : [0]}, ["./json.m31", 15, 22, 15, 23]]],
         {"bound" : [0]}, ["./json.m31", 15, 26, 15, 27]]]], {},
      ["./json.m31", 15, 14, 15, 30]],
     [["Apply", [["Constant", "B"], {}, ["./json.m31", 15, 26, 15, 27]],
       [["anon", 10], [["Constant", "A"], {}, ["./json.m31", 9, 13, 9, 14]],
        [["Type"], {}, ["./json.m31", 9, 17, 9, 21]]],
       [["Constant", "a"], {}, ["./json.m31", 15, 34, 15, 35]]], {},
      ["./json.m31", 15, 26, 15, 27]]]], {}, ["./json.m31", 15, 8, 15, 35]]}]
()

["Term",
 {"context" :
  {["b", 54] : [[["Constant", "A"], {}, ["./json.m31", 33, 14, 33, 15]], []],
   ["g", 53] :
   [[["Prod",
      [["anon", 12], [["Constant", "A"], {}, ["./json.m31", 32, 14, 32, 15]],
       [["Constant", "A"], {}, ["./json.m31", 32, 18, 32, 19]]]], {},
     ["./json.m31", 32, 14, 32, 19]], []]},
  "term" :
  [["Apply",
    [["Atom", ["g", 53]], {"free" : [["g", 53]]},
     ["./json.m31", 32, 3, 34, 15]],
    [["anon", 12], [["Constant", "A"], {}, ["./json.m31", 32, 14, 32, 15]],
     [["Constant", "A"], {}, ["./json.m31", 32, 18, 32, 19]]],
    [["Atom", ["b", 54]], {"free" : [["b", 54]]},
     ["./json.m31", 33, 3, 34, 15]]], {"free" : [["g", 53], ["b", 54]]},
   ["./json.m31", 34, 11, 34, 12]],
  "ty" : [["Constant", "A"], {}, ["./json.m31", 32, 18, 32, 19]]}]
()

