Constant A is declared.

Constant a is declared.

Constant b is declared.

Constant c is declared.

ML type sum declared.

⊢ a : A

ML type lam declared.

lam (x₀ : A
     ⊢ x₀ : A) (⊢ A : Type) (⊢ a : A) ((x₁ : A
                                                ⊢ x₁ : A, ⊢ A : Type),
⊢ A : Type)

Constant list is declared.

Constant Nil is declared.

Constant Cons is declared.

Right (⊢ b : A,
⊢ Cons b (Cons c Nil) : list)

