Signature wrap is declared.
Constant A is declared.
Constant a is declared.
⊢ {T = A, x = a} : wrap
⊢ {x = a} : {wrap with T = A}
⊢ {} : {wrap with T = A, x = a}
Constant exfalso is declared.
exwrap is defined.
bob is defined.
⊢ {T = A} : {wrap with T as X, x = exfalso X}
⊢ exfalso {T = A}.T : {T = A}.T
l_T is defined.
l_x is defined.
aT is defined.
exwrap' is defined.
Some
(⊢ refl {wrap with T, x = exfalso T}
   : {wrap with T as X, x = exfalso X} ≡ {wrap with T, x = exfalso T})
guy is defined.
Some
(⊢ refl {T = A} : {T = A} ≡ {T = A})
A' is defined.
⊢ {T = A}.T : Type
⊢ exfalso {T = A}.T : {T = A}.T
