Rule A is postulated.
Rule f is postulated.
- :> judgement = ⊢ {_ : A} {a₀ : A} {_ : A} {a : A} f a₀ a : A
Rule a is postulated.
- :> judgement = ⊢ {_ : A} {a₀ : A} {_ : A} {a₁ : A} f a₀ a₁ : A
Rule a₁ is postulated.
- :> judgement = ⊢ {_ : A} {a₀ : A} {_ : A} {a₂ : A} f a₀ a₂ : A
Rule a₂ is postulated.
Rule a₃ is postulated.
- :> judgement = ⊢ {_ : A} {a₀ : A} {_ : A} {a₄ : A} f a₀ a₄ : A
- :> judgement = ⊢ {_ : A} {a₀ : A} {_ : A} {a₄ : A} {_ : A} {a₅ : A}
  f (f a₀ a₄) a₅ : A
- :> judgement = ⊢ {_ : A} {a₀ : A} {_ : A} {a4 : A} {_ : A} {a₄ : A} f
  (f a₀ a4) a₄ : A
Rule a₄ is postulated.
Rule a₅ is postulated.
Rule a₆ is postulated.
Rule a₇ is postulated.
Rule a₈ is postulated.
Rule a₉ is postulated.
- :> judgement = ⊢ {_ : A} {a₀ : A} {_ : A} {a₁₀ : A} f a₀ a₁₀
  : A
Rule a₁₀ is postulated.
- :> judgement = ⊢ {_ : A} {a₀ : A} {_ : A} {a₁₁ : A} f a₀ a₁₁
  : A
Rule a₁1 is postulated.
- :> judgement = ⊢ {_ : A} {a₀ : A} {_ : A} {a₁₁ : A} f (f a₁1
  a₀) a₁₁ : A
- :> judgement = ⊢ {_ : A} {a₀ : A} {_ : A} {a₁₁ : A} f (f a₁1
  a₀) a₁₁ : A
Rule a₁₁ is postulated.
- :> judgement = ⊢ {_ : A} {a₀ : A} {_ : A} {a₁₂ : A} f (f a₁1
  a₀) a₁₂ : A
- :> judgement = ⊢ {_ : A} {a₀ : A} {_ : A} {a₁₂ : A} f (f a₁₂
  a₀) a₁₂ : A
