{a₀ : A} {a : A} (⊢ f a₀ a)
{a₀ : A} {a₁ : A} (⊢ f a₀ a₁)
{a₀ : A} {a₂ : A} (⊢ f a₀ a₂)
{a₀ : A} {a₄ : A} (⊢ f a₀ a₄)
{a₀ : A} {a₄ : A} {a₅ : A} (⊢ f (f a₀ a₄) a₅)
{a₀ : A} {a4 : A} {a₄ : A} (⊢ f (f a₀ a4) a₄)
{a₀ : A} {a₁₀ : A} (⊢ f a₀ a₁₀)
{a₀ : A} {a₁₁ : A} (⊢ f a₀ a₁₁)
{a₀ : A} {a₁₁ : A} (⊢ f (f a₁1 a₀) a₁₁)
{a₀ : A} {a₁₁ : A} (⊢ f (f a₁1 a₀) a₁₁)
{a₀ : A} {a₁₂ : A} (⊢ f (f a₁1 a₀) a₁₂)
{a₀ : A} {a₁₂ : A} (⊢ f (f a₁₂ a₀) a₁₂)
